expected Bool for LHS of logical-and, found Int
ERROR