expected Bool for RHS of logical-and, found String
ERROR