expected struct A for assignment, found struct B
ERROR