expected String for initial assignment of for-loop, found Bool
ERROR