expected Bool for condition of for-loop, found String
ERROR