expected Int or String for LHS of >=, found Bool
ERROR