expected Int or String for RHS of >=, found Struct
ERROR