expected Bool for condition of if-statement, found Struct
ERROR