expected Int or String for LHS of <=, found Struct
ERROR