expected Int or String for RHS of <=, found Bool
ERROR