expected Int for LHS of modulo, found String
ERROR