expected Int for RHS of modulo, found String
ERROR