expected Int for operand of integer negation, found String
ERROR