expected String for argument 1 of function call foo, found Bool
ERROR