expected Bool for operand of logical negation, found Int
ERROR