expected Bool for LHS of logical-or, found Struct
ERROR