expected Bool for RHS of logical-or, found Struct
ERROR