expected Void for return value of function main, found String
ERROR